[2026-07-25 23:22:44 +0800] [50324] [INFO] Starting gunicorn 26.0.0
[2026-07-25 23:22:44 +0800] [50324] [INFO] Listening at: http://127.0.0.1:8765 (50324)
[2026-07-25 23:22:44 +0800] [50324] [INFO] Using worker: uvicorn.workers.UvicornWorker
[2026-07-25 23:22:44 +0800] [50326] [INFO] Booting worker with pid: 50326
[2026-07-25 23:22:44 +0800] [50327] [INFO] Booting worker with pid: 50327
[2026-07-25 23:22:44 +0800] [50328] [INFO] Booting worker with pid: 50328
[2026-07-25 23:22:44 +0800] [50324] [INFO] Control socket listening at /root/.gunicorn/gunicorn.ctl
[2026-07-25 23:22:45 +0800] [50326] [INFO] Started server process [50326]
[2026-07-25 23:22:45 +0800] [50326] [INFO] Waiting for application startup.
[2026-07-25 23:22:45 +0800] [50326] [INFO] Application startup complete.
[2026-07-25 23:22:45 +0800] [50327] [INFO] Started server process [50327]
[2026-07-25 23:22:45 +0800] [50327] [INFO] Waiting for application startup.
[2026-07-25 23:22:45 +0800] [50327] [INFO] Application startup complete.
[2026-07-25 23:22:45 +0800] [50328] [INFO] Started server process [50328]
[2026-07-25 23:22:45 +0800] [50328] [INFO] Waiting for application startup.
[2026-07-25 23:22:45 +0800] [50328] [INFO] Application startup complete.
[2026-07-25 23:42:05 +0800] [50324] [INFO] Handling signal: hup
[2026-07-25 23:42:05 +0800] [50324] [INFO] Hang up: Master
[2026-07-25 23:42:05 +0800] [58563] [INFO] Booting worker with pid: 58563
[2026-07-25 23:42:05 +0800] [50324] [INFO] Control socket listening at /root/.gunicorn/gunicorn.ctl
[2026-07-25 23:42:05 +0800] [58566] [INFO] Booting worker with pid: 58566
[2026-07-25 23:42:05 +0800] [50324] [INFO] Control socket listening at /root/.gunicorn/gunicorn.ctl
[2026-07-25 23:42:05 +0800] [58568] [INFO] Booting worker with pid: 58568
[2026-07-25 23:42:05 +0800] [50324] [WARNING] Worker (pid:50326) was sent SIGHUP!
[2026-07-25 23:42:05 +0800] [50324] [WARNING] Worker (pid:50327) was sent SIGHUP!
[2026-07-25 23:42:05 +0800] [50324] [WARNING] Worker (pid:50328) was sent SIGHUP!
[2026-07-25 23:42:05 +0800] [50324] [INFO] Control socket listening at /root/.gunicorn/gunicorn.ctl
[2026-07-25 23:42:06 +0800] [58568] [INFO] Started server process [58568]
[2026-07-25 23:42:06 +0800] [58568] [INFO] Waiting for application startup.
[2026-07-25 23:42:06 +0800] [58568] [INFO] Application startup complete.
[2026-07-25 23:42:06 +0800] [58563] [INFO] Started server process [58563]
[2026-07-25 23:42:06 +0800] [58563] [INFO] Waiting for application startup.
[2026-07-25 23:42:06 +0800] [58563] [INFO] Application startup complete.
[2026-07-25 23:42:06 +0800] [58566] [INFO] Started server process [58566]
[2026-07-25 23:42:06 +0800] [58566] [INFO] Waiting for application startup.
[2026-07-25 23:42:06 +0800] [58566] [INFO] Application startup complete.
